D:\E-drive\my data>git --version
git version 2.15.1.windows.2

D:\E-drive\my data>git config --global user.email "sauravajnara@gmail.com"

D:\E-drive\my data>git config --global user.name "saurav"

D:\E-drive\my data>cd GitData

D:\E-drive\my data\GitData>git init
Initialized empty Git repository in D:/E-drive/my data/GitData/.git/

D:\E-drive\my data\GitData>git status
On branch master

No commits yet

Untracked files:
  (use "git add <file>..." to include in what will be committed)

        Demo.class
        Demo.java

nothing added to commit but untracked files present (use "git add" to track)

D:\E-drive\my data\GitData>git add --all

D:\E-drive\my data\GitData>git status
On branch master

No commits yet

Changes to be committed:
  (use "git rm --cached <file>..." to unstage)

        new file:   Demo.class
        new file:   Demo.java


D:\E-drive\my data\GitData>git commit -m "Both files added"
[master (root-commit) da2e74f] Both files added
 2 files changed, 14 insertions(+)
 create mode 100644 Demo.class
 create mode 100644 Demo.java

D:\E-drive\my data\GitData>git status
On branch master
Changes not staged for commit:
  (use "git add <file>..." to update what will be committed)
  (use "git checkout -- <file>..." to discard changes in working directory)

        modified:   Demo.java

no changes added to commit (use "git add" and/or "git commit -a")

D:\E-drive\my data\GitData>git add .

D:\E-drive\my data\GitData>git status
On branch master
Changes to be committed:
  (use "git reset HEAD <file>..." to unstage)

        modified:   Demo.java


D:\E-drive\my data\GitData>git commit -m "modified file saved"
[master b98309d] modified file saved
 1 file changed, 1 insertion(+)

D:\E-drive\my data\GitData>git status
On branch master
nothing to commit, working tree clean

D:\E-drive\my data\GitData>git remote add origin https://github.com/sauravajnara
/Rep1.git

D:\E-drive\my data\GitData>git push -u origin master
Username for 'https://github.com': saurav
Password for 'https://saurav@github.com':
remote: Invalid username or password.
fatal: Authentication failed for 'https://github.com/sauravajnara/Rep1.git/'

D:\E-drive\my data\GitData>git push -u origin master
Username for 'https://github.com': saurav
Password for 'https://saurav@github.com':
remote: Invalid username or password.
fatal: Authentication failed for 'https://github.com/sauravajnara/Rep1.git/'

D:\E-drive\my data\GitData>git push -u origin master
Username for 'https://github.com': saurav
Password for 'https://saurav@github.com':
remote: Invalid username or password.
fatal: Authentication failed for 'https://github.com/sauravajnara/Rep1.git/'

D:\E-drive\my data\GitData>git push -u origin master
Username for 'https://github.com': sauravajnara
Password for 'https://sauravajnara@github.com':
Counting objects: 7, done.
Delta compression using up to 4 threads.
Compressing objects: 100% (7/7), done.
Writing objects: 100% (7/7), 1.05 KiB | 537.00 KiB/s, done.
Total 7 (delta 1), reused 0 (delta 0)
remote: Resolving deltas: 100% (1/1), done.
To https://github.com/sauravajnara/Rep1.git
 * [new branch]      master -> master
Branch 'master' set up to track remote branch 'master' from 'origin'.

D:\E-drive\my data\GitData>git log
commit b98309d7e7b46a065e6dce78d5cd0fde67d955aa (HEAD -> master, origin/master)
Author: saurav <sauravajnara@gmail.com>
Date:   Sun Dec 31 11:55:07 2017 +0530

    modified file saved

commit da2e74f88251e1c36a7a7d293a6628ecfa2fd252
Author: saurav <sauravajnara@gmail.com>
Date:   Sun Dec 31 11:50:59 2017 +0530

    Both files added

D:\E-drive\my data\GitData>git status
On branch master
Your branch is up to date with 'origin/master'.

nothing to commit, working tree clean

D:\E-drive\my data\GitData>git branch Rep1b

D:\E-drive\my data\GitData>git checkout Rep1b
Switched to branch 'Rep1b'

D:\E-drive\my data\GitData>git status
On branch Rep1b
Untracked files:
  (use "git add <file>..." to include in what will be committed)

        git-details.txt

nothing added to commit but untracked files present (use "git add" to track)

D:\E-drive\my data\GitData>git add .

D:\E-drive\my data\GitData>git status
On branch Rep1b
Changes to be committed:
  (use "git reset HEAD <file>..." to unstage)

        new file:   git-details.txt


D:\E-drive\my data\GitData>git commit -m "text file committed"
[Rep1b 051c1c6] text file committed
 1 file changed, 1 insertion(+)
 create mode 100644 git-details.txt

D:\E-drive\my data\GitData>git status
On branch Rep1b
nothing to commit, working tree clean

D:\E-drive\my data\GitData>git push -u origin Rep1b
Username for 'https://github.com': sauravajnara
Password for 'https://sauravajnara@github.com':
Counting objects: 3, done.
Delta compression using up to 4 threads.
Compressing objects: 100% (2/2), done.
Writing objects: 100% (3/3), 337 bytes | 337.00 KiB/s, done.
Total 3 (delta 0), reused 0 (delta 0)
To https://github.com/sauravajnara/Rep1.git
 * [new branch]      Rep1b -> Rep1b
Branch 'Rep1b' set up to track remote branch 'Rep1b' from 'origin'.

D:\E-drive\my data\GitData>git checkout master
Switched to branch 'master'
Your branch is up to date with 'origin/master'.

D:\E-drive\my data\GitData>git merge Rep1b
Updating b98309d..051c1c6
Fast-forward
 git-details.txt | 1 +
 1 file changed, 1 insertion(+)
 create mode 100644 git-details.txt

D:\E-drive\my data\GitData>git push -u origin master
Username for 'https://github.com': sauravajnara
Password for 'https://sauravajnara@github.com':
Total 0 (delta 0), reused 0 (delta 0)
To https://github.com/sauravajnara/Rep1.git
   b98309d..051c1c6  master -> master
Branch 'master' set up to track remote branch 'master' from 'origin'.

D:\E-drive\my data\GitData>git status
On branch master
Your branch is up to date with 'origin/master'.

nothing to commit, working tree clean

D:\E-drive\my data\GitData>git checkout Rep1b
Switched to branch 'Rep1b'
Your branch is up to date with 'origin/Rep1b'.

D:\E-drive\my data\GitData>git status
On branch Rep1b
Your branch is up to date with 'origin/Rep1b'.

nothing to commit, working tree clean

D:\E-drive\my data\GitData>git status
On branch Rep1b
Your branch is up to date with 'origin/Rep1b'.

Untracked files:
  (use "git add <file>..." to include in what will be committed)

        git-details2.txt

nothing added to commit but untracked files present (use "git add" to track)

D:\E-drive\my data\GitData>git add gitdetails2.txt
fatal: pathspec 'gitdetails2.txt' did not match any files

D:\E-drive\my data\GitData>git add git-details2.txt

D:\E-drive\my data\GitData>git status
On branch Rep1b
Your branch is up to date with 'origin/Rep1b'.

Changes to be committed:
  (use "git reset HEAD <file>..." to unstage)

        new file:   git-details2.txt


D:\E-drive\my data\GitData>git commit -m "file added"
[Rep1b d6103f2] file added
 1 file changed, 1 insertion(+)
 create mode 100644 git-details2.txt

D:\E-drive\my data\GitData>git push -u origin Rep1b
Username for 'https://github.com': sauravajnara
Password for 'https://sauravajnara@github.com':
Counting objects: 3, done.
Delta compression using up to 4 threads.
Compressing objects: 100% (2/2), done.
Writing objects: 100% (3/3), 293 bytes | 293.00 KiB/s, done.
Total 3 (delta 1), reused 0 (delta 0)
remote: Resolving deltas: 100% (1/1), completed with 1 local object.
To https://github.com/sauravajnara/Rep1.git
   051c1c6..d6103f2  Rep1b -> Rep1b
Branch 'Rep1b' set up to track remote branch 'Rep1b' from 'origin'.

D:\E-drive\my data\GitData>gi